      Step     Time          Energy          fmax
FIRE:    0 22:14:37   -16636.087891       14.716038
FIRE:    1 22:14:39   -16640.904297       10.064637
FIRE:    2 22:14:41   -16644.310547        6.251390
FIRE:    3 22:14:42   -16646.697266        3.794717
FIRE:    4 22:14:44   -16648.369141        2.203985
FIRE:    5 22:14:46   -16649.533203        1.641094
FIRE:    6 22:14:48   -16650.333984        1.475529
FIRE:    7 22:14:50   -16650.869141        1.574582
FIRE:    8 22:14:51   -16651.189453        1.506467
FIRE:    9 22:14:53   -16651.318359        1.328797
FIRE:   10 22:14:55   -16651.365234        1.282585
FIRE:   11 22:14:57   -16651.453125        1.193827
FIRE:   12 22:14:58   -16651.566406        1.069097
FIRE:   13 22:15:00   -16651.693359        0.916446
FIRE:   14 22:15:02   -16651.818359        0.743747
FIRE:   15 22:15:04   -16651.921875        0.557715
FIRE:   16 22:15:05   -16652.001953        0.363876
FIRE:   17 22:15:07   -16652.060547        0.325548
FIRE:   18 22:15:09   -16652.091797        0.447635
FIRE:   19 22:15:11   -16652.105469        0.540885
FIRE:   20 22:15:13   -16652.107422        0.531343
FIRE:   21 22:15:14   -16652.115234        0.512607
FIRE:   22 22:15:16   -16652.125000        0.485275
FIRE:   23 22:15:18   -16652.136719        0.450267
FIRE:   24 22:15:20   -16652.148438        0.408674
FIRE:   25 22:15:22   -16652.160156        0.361704
FIRE:   26 22:15:23   -16652.173828        0.310746
FIRE:   27 22:15:25   -16652.185547        0.251454
FIRE:   28 22:15:27   -16652.197266        0.184574
FIRE:   29 22:15:29   -16652.207031        0.112330
FIRE:   30 22:15:31   -16652.212891        0.095663
      Step     Time          Energy          fmax
FIRE:    0 22:23:08   -22330.103516       56.074173
FIRE:    1 22:23:11   -22390.294922       45.718319
FIRE:    2 22:23:13   -22436.580078       36.503433
FIRE:    3 22:23:16   -22471.037109       28.697063
FIRE:    4 22:23:18   -22497.439453       23.099407
FIRE:    5 22:23:20   -22518.011719       18.858086
FIRE:    6 22:23:23   -22533.916016       15.391499
FIRE:    7 22:23:25   -22546.087891       12.441336
FIRE:    8 22:23:27   -22555.310547       10.042363
FIRE:    9 22:23:30   -22562.046875        7.960644
FIRE:   10 22:23:32   -22566.617188        5.949183
FIRE:   11 22:23:35   -22569.458984        4.059525
FIRE:   12 22:23:37   -22571.029297        2.671237
FIRE:   13 22:23:39   -22571.781250        2.008704
FIRE:   14 22:23:41   -22572.119141        2.341490
FIRE:   15 22:23:44   -22575.169922        1.941614
FIRE:   16 22:23:46   -22577.769531        1.792848
FIRE:   17 22:23:48   -22579.765625        1.818873
FIRE:   18 22:23:50   -22581.421875        1.911594
FIRE:   19 22:23:52   -22582.998047        1.953659
FIRE:   20 22:23:55   -22584.611328        1.895128
FIRE:   21 22:23:57   -22586.269531        1.750203
FIRE:   22 22:23:59   -22587.875000        1.559846
FIRE:   23 22:24:01   -22589.373047        1.366305
FIRE:   24 22:24:04   -22590.736328        1.192717
FIRE:   25 22:24:06   -22591.992188        1.038889
FIRE:   26 22:24:08   -22593.156250        0.894247
FIRE:   27 22:24:11   -22594.269531        0.850099
FIRE:   28 22:24:13   -22595.343750        0.806965
FIRE:   29 22:24:16   -22596.390625        0.755045
FIRE:   30 22:24:18   -22597.398438        0.697914
FIRE:   31 22:24:21   -22598.376953        0.691936
FIRE:   32 22:24:23   -22599.308594        0.667089
FIRE:   33 22:24:26   -22600.193359        0.608195
FIRE:   34 22:24:28   -22601.044922        0.570120
FIRE:   35 22:24:31   -22601.873047        0.544550
FIRE:   36 22:24:33   -22602.675781        0.513873
FIRE:   37 22:24:36   -22603.451172        0.510785
FIRE:   38 22:24:38   -22604.195312        0.485184
FIRE:   39 22:24:41   -22604.931641        0.443291
FIRE:   40 22:24:43   -22605.648438        0.440360
FIRE:   41 22:24:46   -22606.355469        0.451018
FIRE:   42 22:24:48   -22607.046875        0.446894
FIRE:   43 22:24:50   -22607.720703        0.429207
FIRE:   44 22:24:53   -22608.373047        0.403423
FIRE:   45 22:24:55   -22609.005859        0.422558
FIRE:   46 22:24:58   -22609.615234        0.460229
FIRE:   47 22:25:00   -22610.203125        0.495502
FIRE:   48 22:25:03   -22610.777344        0.530152
FIRE:   49 22:25:05   -22611.328125        0.566483
FIRE:   50 22:25:08   -22611.863281        0.605600
FIRE:   51 22:25:10   -22612.382812        0.646933
FIRE:   52 22:25:12   -22612.882812        0.688834
FIRE:   53 22:25:15   -22613.376953        0.729300
FIRE:   54 22:25:17   -22613.867188        0.766360
FIRE:   55 22:25:19   -22614.341797        0.797943
FIRE:   56 22:25:22   -22614.812500        0.821592
FIRE:   57 22:25:24   -22615.281250        0.834244
FIRE:   58 22:25:26   -22615.728516        0.832243
FIRE:   59 22:25:29   -22616.164062        0.811870
FIRE:   60 22:25:31   -22616.585938        0.770633
FIRE:   61 22:25:34   -22616.992188        0.709275
FIRE:   62 22:25:36   -22617.359375        0.633268
FIRE:   63 22:25:39   -22617.712891        0.552812
FIRE:   64 22:25:41   -22618.035156        0.546276
FIRE:   65 22:25:44   -22618.343750        0.656320
FIRE:   66 22:25:46   -22618.634766        0.744657
FIRE:   67 22:25:49   -22618.929688        0.789092
FIRE:   68 22:25:51   -22619.226562        0.777074
FIRE:   69 22:25:53   -22619.517578        0.708743
FIRE:   70 22:25:56   -22619.810547        0.596151
FIRE:   71 22:25:58   -22620.093750        0.458883
FIRE:   72 22:26:00   -22620.367188        0.422872
FIRE:   73 22:26:03   -22620.634766        0.478692
FIRE:   74 22:26:05   -22620.892578        0.515972
FIRE:   75 22:26:08   -22621.144531        0.507483
FIRE:   76 22:26:10   -22621.384766        0.480592
FIRE:   77 22:26:12   -22621.617188        0.471086
FIRE:   78 22:26:15   -22621.822266        0.430706
FIRE:   79 22:26:17   -22622.013672        0.421351
FIRE:   80 22:26:20   -22622.175781        0.512280
      Step     Time          Energy          fmax
FIRE:    0 22:48:34   -21451.433594       56.068619
FIRE:    1 22:48:38   -21552.658203       49.589653
FIRE:    2 22:48:42   -21639.441406       43.476501
FIRE:    3 22:48:45   -21712.103516       37.704872
FIRE:    4 22:48:49   -21772.072266       32.353680
FIRE:    5 22:48:52   -21822.158203       27.853487
      Step     Time          Energy          fmax
FIRE:    0 22:49:35   -49237.507812       56.067818
FIRE:    1 22:49:47   -49336.066406       49.429150
FIRE:    2 22:49:59   -49420.359375       43.182140
FIRE:    3 22:50:10   -49490.781250       37.294498
FIRE:    4 22:50:22   -49548.843750       31.885004
FIRE:    5 22:50:33   -49597.312500       27.401871
FIRE:    6 22:50:46   -49638.386719       23.843330
FIRE:    7 22:50:58   -49673.390625       20.879478
FIRE:    8 22:51:10   -49703.187500       18.326328
FIRE:    9 22:51:22   -49728.382812       16.061687
FIRE:   10 22:51:34   -49749.539062       13.996590
FIRE:   11 22:51:46   -49767.175781       12.155483
FIRE:   12 22:51:58   -49781.820312       10.551675
FIRE:   13 22:52:10   -49793.789062        9.107491
FIRE:   14 22:52:22   -49803.296875        7.753108
FIRE:   15 22:52:34   -49810.570312        6.414750
FIRE:   16 22:52:46   -49815.882812        5.060515
FIRE:   17 22:52:58   -49819.628906        3.838841
FIRE:   18 22:53:11   -49822.191406        3.750684
FIRE:   19 22:53:23   -49823.957031        3.987603
FIRE:   20 22:53:35   -49825.285156        3.961208
FIRE:   21 22:53:47   -49826.492188        3.705003
FIRE:   22 22:53:59   -49827.851562        3.321796
FIRE:   23 22:54:11   -49829.546875        3.129211
FIRE:   24 22:54:23   -49831.679688        2.815828
FIRE:   25 22:54:35   -49834.218750        2.879445
FIRE:   26 22:54:47   -49837.128906        2.823448
FIRE:   27 22:54:58   -49840.238281        2.673615
FIRE:   28 22:55:10   -49843.375000        2.524217
FIRE:   29 22:55:23   -49846.375000        2.342094
FIRE:   30 22:55:35   -49849.164062        2.139444
FIRE:   31 22:55:48   -49851.648438        1.925490
FIRE:   32 22:55:59   -49853.812500        1.707807
FIRE:   33 22:56:11   -49855.656250        1.491767
FIRE:   34 22:56:22   -49857.238281        1.363016
FIRE:   35 22:56:35   -49858.660156        1.410628
FIRE:   36 22:56:46   -49860.000000        1.389339
FIRE:   37 22:56:59   -49861.351562        1.309620
FIRE:   38 22:57:11   -49862.765625        1.360153
FIRE:   39 22:57:23   -49864.300781        1.415933
FIRE:   40 22:57:36   -49865.925781        1.410750
FIRE:   41 22:57:47   -49867.597656        1.352555
FIRE:   42 22:58:00   -49869.289062        1.255303
FIRE:   43 22:58:11   -49870.945312        1.135653
FIRE:   44 22:58:23   -49872.500000        1.009997
FIRE:   45 22:58:35   -49873.953125        0.892318
FIRE:   46 22:58:48   -49875.292969        0.869815
FIRE:   47 22:59:00   -49876.539062        0.878595
FIRE:   48 22:59:13   -49877.707031        0.849188
FIRE:   49 22:59:26   -49878.843750        0.797999
FIRE:   50 22:59:41   -49879.964844        0.881009
FIRE:   51 22:59:55   -49881.105469        0.932749
FIRE:   52 23:00:09   -49882.253906        0.953325
FIRE:   53 23:00:26   -49883.453125        0.944929
FIRE:   54 23:00:41   -49884.636719        0.910970
FIRE:   55 23:00:57   -49885.828125        0.855710
FIRE:   56 23:01:14   -49887.015625        0.783967
FIRE:   57 23:01:30   -49888.175781        0.706765
FIRE:   58 23:01:46   -49889.269531        0.644669
FIRE:   59 23:02:01   -49890.332031        0.588077
FIRE:   60 23:02:15   -49891.351562        0.541636
FIRE:   61 23:02:30   -49892.332031        0.565691
FIRE:   62 23:02:45   -49893.316406        0.615578
FIRE:   63 23:03:00   -49894.285156        0.650500
FIRE:   64 23:03:14   -49895.234375        0.667899
FIRE:   65 23:03:28   -49896.187500        0.668389
FIRE:   66 23:03:41   -49897.148438        0.654827
FIRE:   67 23:03:55   -49898.078125        0.631907
FIRE:   68 23:04:08   -49899.007812        0.605255
FIRE:   69 23:04:22   -49899.910156        0.580718
FIRE:   70 23:04:35   -49900.777344        0.563279
FIRE:   71 23:04:49   -49901.617188        0.555955
FIRE:   72 23:05:02   -49902.445312        0.559212
FIRE:   73 23:05:16   -49903.222656        0.571317
FIRE:   74 23:05:29   -49903.984375        0.589508
FIRE:   75 23:05:43   -49904.750000        0.611086
FIRE:   76 23:05:56   -49905.507812        0.634064
FIRE:   77 23:06:09   -49906.265625        0.657342
FIRE:   78 23:06:22   -49906.988281        0.680553
FIRE:   79 23:06:35   -49907.710938        0.703757
FIRE:   80 23:06:48   -49908.453125        0.727197
FIRE:   81 23:07:00   -49909.187500        0.751015
FIRE:   82 23:07:13   -49909.894531        0.775051
FIRE:   83 23:07:25   -49910.597656        0.798803
FIRE:   84 23:07:38   -49911.300781        0.821370
FIRE:   85 23:07:51   -49912.000000        0.841567
FIRE:   86 23:08:04   -49912.683594        0.858039
FIRE:   87 23:08:17   -49913.351562        0.869448
FIRE:   88 23:08:30   -49914.027344        0.874651
FIRE:   89 23:08:43   -49914.699219        0.872930
FIRE:   90 23:08:55   -49915.359375        0.864156
FIRE:   91 23:09:08   -49916.015625        0.848868
FIRE:   92 23:09:21   -49916.660156        0.828406
FIRE:   93 23:09:33   -49917.304688        0.804844
FIRE:   94 23:09:46   -49917.937500        0.780888
FIRE:   95 23:10:00   -49918.550781        0.759505
FIRE:   96 23:10:13   -49919.152344        0.743245
